// Jest Snapshot v1, https://goo.gl/fbAQLP

exports[`SkillInformationsContainer renders correctly 1`] = `
<DocumentFragment>
  <div
    class="mainContainer-0-2-1"
  >
    <div
      class="infoContainer-0-2-4"
    >
      <h4
        class="textContainer-0-2-3"
      >
        FRONTEND
      </h4>
    </div>
    <div
      class="infoContainer-0-2-4"
    >
      <h4
        class="textContainer-0-2-3"
      >
        BACKEND
      </h4>
      <div
        class="progressBarParent-0-2-9"
      >
        <div
          class="description-0-2-6"
        >
          <h3
            class="text-0-2-10"
          >
            mock name
          </h3>
          <h3
            class="text-0-2-10"
          >
            50%
          </h3>
        </div>
        <div
          class="progressBarContainer-0-2-7"
        >
          <div
            class="progressBar-0-2-8 progressBar-d0-0-2-11"
          />
        </div>
      </div>
    </div>
    <div
      class="infoContainer-0-2-4"
    >
      <h4
        class="textContainer-0-2-3"
      >
        MISC
      </h4>
    </div>
  </div>
</DocumentFragment>
`;
