// Jest Snapshot v1, https://goo.gl/fbAQLP

exports[`Photo renders correctly 1`] = `
<DocumentFragment>
  <img
    alt="photoBanner"
    class="photo-0-2-1"
    src="mock url"
  />
</DocumentFragment>
`;
