// Jest Snapshot v1, https://goo.gl/fbAQLP

exports[`Photography renders correctly 1`] = `
<DocumentFragment>
  <div
    name="Photography"
  >
    <div
      class="header-0-2-1"
    >
      <div
        style="opacity: 0; transform: translate3d(0,20px,0);"
      >
        <h2
          class="h2Text-0-2-4"
        >
          Photography
        </h2>
      </div>
    </div>
    <div
      class="photographyContainer-0-2-2"
    >
      <div
        class="mainContainer-0-2-5"
      >
        <div
          class="photosContainer-0-2-7"
        />
        <div
          class="button-0-2-8"
        >
          <button
            class="mainContainer-0-2-9"
            style="transform: perspective(600px) rotateX(0deg) rotateY(0deg) scale(1);"
          >
            Explore more images
          </button>
        </div>
      </div>
    </div>
  </div>
</DocumentFragment>
`;
