// Jest Snapshot v1, https://goo.gl/fbAQLP

exports[`Avatar renders correctly 1`] = `
<DocumentFragment>
  <img
    alt="Avatar"
    class="mainContainer-0-2-1"
    src="mock url"
  />
</DocumentFragment>
`;
